03-14 15:06:10 com_github_MitjaNemec_PlaceFootprints.action_place_footprints 674:Plugin executed on: 'linux'
03-14 15:06:10 com_github_MitjaNemec_PlaceFootprints.action_place_footprints 675:Plugin executed with python version: '3.14.3 (main, Feb 13 2026, 15:31:44) [GCC 15.2.1 20260209]'
03-14 15:06:10 com_github_MitjaNemec_PlaceFootprints.action_place_footprints 676:KiCad build version: 9.0.7
03-14 15:06:10 com_github_MitjaNemec_PlaceFootprints.action_place_footprints 677:Plugin version: 4.0.1
03-14 15:06:10 com_github_MitjaNemec_PlaceFootprints.action_place_footprints 678:Frame repr: <wx._core.Frame object at 0x7f2806dc5760>
03-14 15:06:10 com_github_MitjaNemec_PlaceFootprints.place_footprints 121:getting a list of all footprints on board
03-14 15:06:10 com_github_MitjaNemec_PlaceFootprints.place_footprints 156:Footprint M1 on root level
03-14 15:06:10 com_github_MitjaNemec_PlaceFootprints.place_footprints 156:Footprint R5 on root level
03-14 15:06:10 com_github_MitjaNemec_PlaceFootprints.place_footprints 156:Footprint SW1 on root level
03-14 15:06:10 com_github_MitjaNemec_PlaceFootprints.place_footprints 156:Footprint D1 on root level
03-14 15:06:10 com_github_MitjaNemec_PlaceFootprints.place_footprints 156:Footprint D5 on root level
03-14 15:06:10 com_github_MitjaNemec_PlaceFootprints.place_footprints 156:Footprint D7 on root level
03-14 15:06:10 com_github_MitjaNemec_PlaceFootprints.place_footprints 156:Footprint D6 on root level
03-14 15:06:10 com_github_MitjaNemec_PlaceFootprints.place_footprints 156:Footprint D9 on root level
03-14 15:06:10 com_github_MitjaNemec_PlaceFootprints.place_footprints 156:Footprint D10 on root level
03-14 15:06:10 com_github_MitjaNemec_PlaceFootprints.place_footprints 156:Footprint Q1 on root level
03-14 15:06:10 com_github_MitjaNemec_PlaceFootprints.place_footprints 156:Footprint R2 on root level
03-14 15:06:10 com_github_MitjaNemec_PlaceFootprints.place_footprints 156:Footprint R4 on root level
03-14 15:06:10 com_github_MitjaNemec_PlaceFootprints.place_footprints 156:Footprint R7 on root level
03-14 15:06:10 com_github_MitjaNemec_PlaceFootprints.place_footprints 156:Footprint TP1 on root level
03-14 15:06:10 com_github_MitjaNemec_PlaceFootprints.place_footprints 156:Footprint D4 on root level
03-14 15:06:10 com_github_MitjaNemec_PlaceFootprints.place_footprints 156:Footprint R1 on root level
03-14 15:06:10 com_github_MitjaNemec_PlaceFootprints.place_footprints 156:Footprint R6 on root level
03-14 15:06:10 com_github_MitjaNemec_PlaceFootprints.place_footprints 156:Footprint C1 on root level
03-14 15:06:10 com_github_MitjaNemec_PlaceFootprints.place_footprints 156:Footprint U2 on root level
03-14 15:06:10 com_github_MitjaNemec_PlaceFootprints.place_footprints 156:Footprint TP7 on root level
03-14 15:06:10 com_github_MitjaNemec_PlaceFootprints.place_footprints 156:Footprint C3 on root level
03-14 15:06:10 com_github_MitjaNemec_PlaceFootprints.place_footprints 156:Footprint SW2 on root level
03-14 15:06:10 com_github_MitjaNemec_PlaceFootprints.place_footprints 156:Footprint SW3 on root level
03-14 15:06:10 com_github_MitjaNemec_PlaceFootprints.place_footprints 156:Footprint C2 on root level
03-14 15:06:10 com_github_MitjaNemec_PlaceFootprints.place_footprints 156:Footprint TP13 on root level
03-14 15:06:10 com_github_MitjaNemec_PlaceFootprints.place_footprints 156:Footprint D2 on root level
03-14 15:06:10 com_github_MitjaNemec_PlaceFootprints.place_footprints 156:Footprint R8 on root level
03-14 15:06:10 com_github_MitjaNemec_PlaceFootprints.place_footprints 156:Footprint D3 on root level
03-14 15:06:10 com_github_MitjaNemec_PlaceFootprints.place_footprints 156:Footprint U1 on root level
03-14 15:06:10 com_github_MitjaNemec_PlaceFootprints.place_footprints 156:Footprint dd11 on root level
03-14 15:06:10 com_github_MitjaNemec_PlaceFootprints.place_footprints 156:Footprint J1 on root level
03-14 15:06:10 com_github_MitjaNemec_PlaceFootprints.place_footprints 156:Footprint R11 on root level
03-14 15:06:10 com_github_MitjaNemec_PlaceFootprints.place_footprints 156:Footprint TP2 on root level
03-14 15:06:10 com_github_MitjaNemec_PlaceFootprints.place_footprints 156:Footprint R10 on root level
03-14 15:06:10 com_github_MitjaNemec_PlaceFootprints.place_footprints 156:Footprint TP4 on root level
03-14 15:06:10 com_github_MitjaNemec_PlaceFootprints.place_footprints 156:Footprint SW4 on root level
03-14 15:06:10 com_github_MitjaNemec_PlaceFootprints.place_footprints 156:Footprint TP11 on root level
03-14 15:06:10 com_github_MitjaNemec_PlaceFootprints.place_footprints 156:Footprint TP10 on root level
03-14 15:06:10 com_github_MitjaNemec_PlaceFootprints.place_footprints 156:Footprint R3 on root level
03-14 15:06:10 com_github_MitjaNemec_PlaceFootprints.place_footprints 156:Footprint TP3 on root level
03-14 15:06:10 com_github_MitjaNemec_PlaceFootprints.place_footprints 156:Footprint TP6 on root level
03-14 15:06:10 com_github_MitjaNemec_PlaceFootprints.place_footprints 156:Footprint D8 on root level
03-14 15:06:10 com_github_MitjaNemec_PlaceFootprints.place_footprints 156:Footprint TP9 on root level
03-14 15:06:10 com_github_MitjaNemec_PlaceFootprints.place_footprints 156:Footprint TP12 on root level
03-14 15:06:10 com_github_MitjaNemec_PlaceFootprints.place_footprints 156:Footprint TP5 on root level
03-14 15:06:10 com_github_MitjaNemec_PlaceFootprints.place_footprints 156:Footprint TP8 on root level
03-14 15:06:10 com_github_MitjaNemec_PlaceFootprints.place_footprints 156:Footprint R9 on root level
03-14 15:06:10 com_github_MitjaNemec_PlaceFootprints.action_place_footprints 717:Reference footprint='D1'
03-14 15:06:16 com_github_MitjaNemec_PlaceFootprints.action_place_footprints 858:Reference designator is: D
03-14 15:06:16 com_github_MitjaNemec_PlaceFootprints.action_place_footprints 859:Reference number is: 1
03-14 15:06:16 com_github_MitjaNemec_PlaceFootprints.action_place_footprints 891:Sorted and filtered list:
['D1', 'D2', 'D3', 'D4', 'D5', 'D6', 'D7', 'D8', 'D9', 'D10']
03-14 15:06:16 com_github_MitjaNemec_PlaceFootprints.action_place_footprints 376:wx.Colour(53, 53, 53, 255)
